// Jest Snapshot v1, https://goo.gl/fbAQLP

exports[`List renders List without crashing given the required props 1`] = `
<ul
  className="todoList-container"
/>
`;
